// Jest Snapshot v1, https://goo.gl/fbAQLP

exports[`Main component testing Matches the snapshot 1`] = `
<div
  className="makeStyles-main-1"
/>
`;
