// Jest Snapshot v1, https://goo.gl/fbAQLP

exports[`Header component testing Matches the snapshot 1`] = `
<div
  className="makeStyles-header-1"
>
  <div>
    I am mocked
  </div>
  <button
    className="MuiButtonBase-root MuiButton-root MuiButton-text"
    disabled={false}
    onBlur={[Function]}
    onClick={[Function]}
    onDragLeave={[Function]}
    onFocus={[Function]}
    onKeyDown={[Function]}
    onKeyUp={[Function]}
    onMouseDown={[Function]}
    onMouseLeave={[Function]}
    onMouseUp={[Function]}
    onTouchEnd={[Function]}
    onTouchMove={[Function]}
    onTouchStart={[Function]}
    tabIndex={0}
    type="button"
  >
    <span
      className="MuiButton-label"
    >
      logout
    </span>
  </button>
</div>
`;
