// Jest Snapshot v1, https://goo.gl/fbAQLP

exports[`Label  testing Matches the snapshot 1`] = `
<div>
  <p
    className="MuiTypography-root MuiTypography-body2"
  />
</div>
`;
